// Jest Snapshot v1, https://goo.gl/fbAQLP

exports[`Gallery is renderying matches snapshot 1`] = `
<DocumentFragment>
  <section>
    <h1
      data-testid="h1tag"
    >
      Portraits
    </h1>
    <p />
    <div>
      <div
        class="flex-row"
      >
        <img
          alt="Cat green eyes"
          class="img-thumbnail mx-1"
        />
        <img
          alt="Green parrot"
          class="img-thumbnail mx-1"
        />
        <img
          alt="Yellow macaw"
          class="img-thumbnail mx-1"
        />
        <img
          alt="Pug smile"
          class="img-thumbnail mx-1"
        />
      </div>
    </div>
  </section>
</DocumentFragment>
`;
